


ARM Macro Assembler    Page 1 


    1 00000000                 EXPORT           delay50ns
    2 00000000                 AREA             delay50ns,CODE,READONLY
    3 00000000                 ENTRY
    4 00000000 BF00            NOP
    5 00000002 BF00            NOP
    6 00000004 BF00            NOP
    7 00000006 BF00            NOP
    8 00000008 BF00            NOP
    9 0000000A BF00            NOP
   10 0000000C 4770            BX               LR
   11 0000000E                 END
Command Line: --16 --debug --xref --diag_suppress=9931 --cpu=Cortex-M3 --apcs=i
nterwork --depend=.\obj\delay_100ns.d -o.\obj\delay_100ns.o -I..\..\..\Demos\De
mo1_WiFi_Link -ID:\WIFI_project\WIFI_ARM_Progect\Wi_Fi¹¤³Ì\WIFI_ARM_Prj_old\Pro
jects\Demo1_WiFi_Link\RVMDK\RTE -Ie:\Keil_v5\ARM\PACK\ARM\CMSIS\4.5.0\CMSIS\Inc
lude -Ie:\Keil_v5\ARM\PACK\Keil\STM32F2xx_DFP\2.4.0\Drivers\CMSIS\Device\ST\STM
32F2xx\Include --predefine="__MICROLIB SETA 1" --predefine="__UVISION_VERSION S
ETA 517" --predefine="_RTE_ SETA 1" --predefine="STM32F205xx SETA 1" --list=.\l
st\delay_100ns.lst ..\delay_100ns.s



ARM Macro Assembler    Page 1 Alphabetic symbol ordering
Relocatable symbols

delay50ns 00000000

Symbol: delay50ns
   Definitions
      At line 2 in file ..\delay_100ns.s
   Uses
      At line 1 in file ..\delay_100ns.s
Comment: delay50ns used once
1 symbol
335 symbols in table
