<html>
<body>
<pre>
<h1>礦ision Build Log</h1>
<h2>Tool Versions:</h2>
IDE-Version: μVision V5.17.0.0
Copyright (C) 2015 ARM Ltd and ARM Germany GmbH. All rights reserved.
License Information: chang 15890564608@163.com, UE, LIC=LJWSB-2CSTB-AWB2F-6Q01T-Y5SIK-6JTBK
 
Tool Versions:
Toolchain:       MDK-ARM Professional  Version: 5.17
Toolchain Path:  e:\Keil_v5\ARM\ARMCC\Bin
C Compiler:      Armcc.exe V5.06 update 1 (build 61)
Assembler:       Armasm.exe V5.06 update 1 (build 61)
Linker/Locator:  ArmLink.exe V5.06 update 1 (build 61)
Library Manager: ArmAr.exe V5.06 update 1 (build 61)
Hex Converter:   FromElf.exe V5.06 update 1 (build 61)
CPU DLL:         SARMCM3.DLL V5.17
Dialog DLL:      DCM.DLL V1.13.4.0
Target DLL:      Segger\JL2CM3.dll V2.99.16.0
Dialog DLL:      TCM.DLL V1.14.6.0
 
<h2>Project:</h2>
D:\WIFI_project\WIFI_ARM_Progect\Wi_Fi工程\WIFI_ARM_Prj_old\Projects\Demo1_WiFi_Link\RVMDK\WiFi_Link.uvprojx
Project File Date:  04/17/2017

<h2>Output:</h2>
*** Using Compiler 'V5.06 update 1 (build 61)', folder: 'e:\Keil_v5\ARM\ARMCC\Bin'
Rebuild target 'WiFi Link@EMW3162'
assembling startup_stm32f2xx.s...
compiling system_stm32f2xx.c...
compiling platform.c...
assembling delay_100ns.s...
compiling stm32_GPIO_Config.c...
compiling stm32f2xx_it.c...
..\..\..\Demos\Demo1_WiFi_Link\stm32f2xx_it.c(56): warning: A1581W: Added 2 bytes of padding at address 0xe
compiling main.c...
..\..\..\Demos\Demo1_WiFi_Link\main.c(77): warning:  #177-D: variable "tmp_index" was declared but never referenced
  	int con = 0,len = 0,tmp_index = 0;
..\..\..\Demos\Demo1_WiFi_Link\main.c(81): warning:  #177-D: variable "retvalue" was declared but never referenced
  	uint8_t retvalue = 0; 
..\..\..\Demos\Demo1_WiFi_Link\main.c: 2 warnings, 0 errors
compiling stm32_fpga_command.c...
..\..\..\Demos\Demo1_WiFi_Link\stm32_fpga_command.c(348): warning:  #177-D: variable "data" was declared but never referenced
  	short data,ChannelID;
..\..\..\Demos\Demo1_WiFi_Link\stm32_fpga_command.c(352): warning:  #177-D: variable "DAValueUp3Div" was declared but never referenced
  	short DAValueUp3Div;
..\..\..\Demos\Demo1_WiFi_Link\stm32_fpga_command.c(353): warning:  #177-D: variable "pre_offset" was declared but never referenced
  	short pre_offset;
..\..\..\Demos\Demo1_WiFi_Link\stm32_fpga_command.c: 3 warnings, 0 errors
compiling hw_fpga_Communicate.c...
compiling wificallback.c...
compiling systemDataStruct.c...
..\..\..\Demos\Demo1_WiFi_Link\systemDataStruct.c(24): warning:  #177-D: variable "TRI_LEVEL_FLAG" was declared but never referenced
  	unsigned short TRI_LEVEL_FLAG;
..\..\..\Demos\Demo1_WiFi_Link\systemDataStruct.c: 1 warning, 0 errors
compiling channal.c...
compiling instructionSet.c...
compiling dpx.c...
compiling acqProcess.c...
compiling scpi_explain.c...
compiling yControl.c...
..\..\..\Demos\Demo1_WiFi_Link\yControl.c(54): warning:  #177-D: variable "_mdBPerDiv" was declared but never referenced
  static int _mdBPerDiv[]={
..\..\..\Demos\Demo1_WiFi_Link\yControl.c: 1 warning, 0 errors
compiling tControl.c...
compiling xControl.c...
compiling unpackfunc.c...
..\..\..\Demos\Demo1_WiFi_Link\unpackfunc.c(10): warning:  #177-D: variable "i" was declared but never referenced
  	int i =0;
..\..\..\Demos\Demo1_WiFi_Link\unpackfunc.c: 1 warning, 0 errors
compiling commonfunc.c...
compiling eeromfunc.c...
compiling misc.c...
compiling stm32f2xx_exti.c...
compiling stm32f2xx_dma.c...
compiling stm32f2xx_flash.c...
compiling stm32f2xx_gpio.c...
compiling stm32f2xx_i2c.c...
compiling stm32f2xx_pwr.c...
compiling stm32f2xx_sdio.c...
compiling stm32f2xx_rcc.c...
compiling stm32f2xx_syscfg.c...
compiling stm32f2xx_usart.c...
compiling stm32f2xx_tim.c...
compiling stm32f2xx_adc.c...
compiling stm32f2xx_rng.c...
compiling stm32f2xx_spi.c...
compiling stm32f2xx_rtc.c...
linking...
.\Obj\WiFi_DSO.axf: Warning: L6318W: stm32_fpga_command.o(i.hw_hc4094ctrl) contains branch to a non-code symbol delay50ns.
Program Size: Code=172604 RO-data=17652 RW-data=4296 ZI-data=113448  
Finished: 0 information, 1 warning and 0 error messages.
After Build - User command #1: fromelf --bin .\Obj\WiFiLink.axf --output ..\Output\WiFiLink.bin
".\Obj\WiFi_DSO.axf" - 0 Error(s), 10 Warning(s).

<h2>Software Packages used:</h2>

Package Vendor: ARM
                http://www.keil.com/pack/ARM.CMSIS.4.5.0.pack
                ARM::CMSIS:CORE:4.3.0
                CMSIS (Cortex Microcontroller Software Interface Standard)
   * Component: CORE Version: 4.3.0

<h2>Collection of Component include folders:</h2>
  D:\WIFI_project\WIFI_ARM_Progect\Wi_Fi工程\WIFI_ARM_Prj_old\Projects\Demo1_WiFi_Link\RVMDK\RTE
  e:\Keil_v5\ARM\PACK\ARM\CMSIS\4.5.0\CMSIS\Include
  e:\Keil_v5\ARM\PACK\Keil\STM32F2xx_DFP\2.4.0\Drivers\CMSIS\Device\ST\STM32F2xx\Include

<h2>Collection of Component Files used:</h2>

   * Component: ARM::CMSIS:CORE:4.3.0
Build Time Elapsed:  00:00:19
</pre>
</body>
</html>
