<html>
<body>
<pre>
<h1>µVision Build Log</h1>
<h2>Tool Versions:</h2>
IDE-Version: ¦ÌVision V5.17.0.0
Copyright (C) 2015 ARM Ltd and ARM Germany GmbH. All rights reserved.
License Information: chang 15890564608@163.com, UE, LIC=LJWSB-2CSTB-AWB2F-6Q01T-Y5SIK-6JTBK
 
Tool Versions:
Toolchain:       MDK-ARM Professional  Version: 5.17
Toolchain Path:  e:\Keil_v5\ARM\ARMCC\Bin
C Compiler:      Armcc.exe V5.06 update 1 (build 61)
Assembler:       Armasm.exe V5.06 update 1 (build 61)
Linker/Locator:  ArmLink.exe V5.06 update 1 (build 61)
Library Manager: ArmAr.exe V5.06 update 1 (build 61)
Hex Converter:   FromElf.exe V5.06 update 1 (build 61)
CPU DLL:         SARMCM3.DLL V5.17
Dialog DLL:      DCM.DLL V1.13.4.0
Target DLL:      Segger\JL2CM3.dll V2.99.16.0
Dialog DLL:      TCM.DLL V1.14.6.0
 
<h2>Project:</h2>
F:\wifi_project\mxchipWNet Demo EMW316x\Projects\Demo1_WiFi_Link\RVMDK\WiFi_Link.uvprojx
Project File Date:  03/23/2017

<h2>Output:</h2>
*** Using Compiler 'V5.06 update 1 (build 61)', folder: 'e:\Keil_v5\ARM\ARMCC\Bin'
Build target 'WiFi Link@EMW3162'
compiling wificallback.c...
compiling main.c...
..\..\..\Demos\Demo1_WiFi_Link\main.c(89): warning:  #177-D: variable "tmp_index" was declared but never referenced
  	int con = 0,len = 0,tmp_index = 0;
..\..\..\Demos\Demo1_WiFi_Link\main.c: 1 warning, 0 errors
linking...
.\Obj\WiFiLink.axf: Warning: L6318W: stm32_fpga_command.o(i.hw_hc4094ctrl) contains branch to a non-code symbol delay50ns.
Program Size: Code=176916 RO-data=17944 RW-data=4320 ZI-data=113512  
Finished: 0 information, 1 warning and 0 error messages.
After Build - User command #1: fromelf --bin .\Obj\WiFiLink.axf --output ..\Output\WiFiLink.bin
".\Obj\WiFiLink.axf" - 0 Error(s), 2 Warning(s).

<h2>Software Packages used:</h2>

Package Vendor: ARM
                http://www.keil.com/pack/ARM.CMSIS.4.5.0.pack
                ARM::CMSIS:CORE:4.3.0
                CMSIS (Cortex Microcontroller Software Interface Standard)
   * Component: CORE Version: 4.3.0

<h2>Collection of Component include folders:</h2>
  F:\wifi_project\mxchipWNet Demo EMW316x\Projects\Demo1_WiFi_Link\RVMDK\RTE
  e:\Keil_v5\ARM\PACK\ARM\CMSIS\4.5.0\CMSIS\Include
  e:\Keil_v5\ARM\PACK\Keil\STM32F2xx_DFP\2.4.0\Drivers\CMSIS\Device\ST\STM32F2xx\Include

<h2>Collection of Component Files used:</h2>

   * Component: ARM::CMSIS:CORE:4.3.0
Build Time Elapsed:  00:00:02
</pre>
</body>
</html>
